[wp.aqlova.com/pixora/creative-agency-classic/digital-studio/index.html]
[backblue.gif]
[fade.gif]
[index.html]
[wp.aqlova.com/pixora/creative-agency-classic/wp-content/plugins/contact-form-7/includes/css/stylesc098.css]
[wp.aqlova.com/pixora/creative-agency-classic/wp-content/plugins/pixora-core/assets/css/tp-core8a54.css]
[wp.aqlova.com/pixora/creative-agency-classic/wp-content/themes/pixora/assets/css/bootstrap8daf.css]
[wp.aqlova.com/pixora/creative-agency-classic/wp-content/themes/pixora/assets/css/swiper-bundle8daf.css]
[wp.aqlova.com/pixora/creative-agency-classic/wp-content/themes/pixora/assets/css/magnific-popup8daf.css]
[wp.aqlova.com/pixora/creative-agency-classic/wp-content/themes/pixora/assets/css/font-awesome-pro8daf.css]
[wp.aqlova.com/pixora/creative-agency-classic/wp-content/themes/pixora/assets/css/spacing8daf.css]
[wp.aqlova.com/pixora/creative-agency-classic/wp-content/themes/pixora/assets/css/nice-select8daf.css]
[wp.aqlova.com/pixora/creative-agency-classic/wp-content/themes/pixora/assets/css/pixora-unit8daf.css]
[wp.aqlova.com/pixora/creative-agency-classic/wp-content/themes/pixora/assets/css/pixora-custom-mediaquery8daf.css]
[wp.aqlova.com/pixora/creative-agency-classic/wp-content/themes/pixora/assets/css/pixora-core8daf.css]
[wp.aqlova.com/pixora/creative-agency-classic/wp-content/themes/pixora/style8daf.css]
[wp.aqlova.com/pixora/creative-agency-classic/wp-content/plugins/elementor/assets/lib/eicons/css/elementor-icons.min5c93.css]
[wp.aqlova.com/pixora/creative-agency-classic/wp-content/uploads/sites/27/elementor/css/custom-frontend.min725a.css]
[wp.aqlova.com/pixora/creative-agency-classic/wp-content/uploads/sites/27/elementor/css/post-7032bcb3.css]
[wp.aqlova.com/pixora/creative-agency-classic/wp-content/plugins/pixora-core/include/elementor/hero/herof488.css]
[wp.aqlova.com/pixora/creative-agency-classic/wp-content/plugins/elementor/assets/css/widget-heading.mineda1.css]
[wp.aqlova.com/pixora/creative-agency-classic/wp-content/plugins/pixora-core/include/elementor/common/banner/bannerf488.css]
[wp.aqlova.com/pixora/creative-agency-classic/wp-content/plugins/elementor/assets/css/widget-counter.mineda1.css]
[wp.aqlova.com/pixora/creative-agency-classic/wp-content/plugins/pixora-core/include/elementor/services/services-all/servicesf488.css]
[wp.aqlova.com/pixora/creative-agency-classic/wp-content/plugins/pixora-core/include/elementor/portfolio/portfoliof488.css]
[wp.aqlova.com/pixora/creative-agency-classic/wp-content/plugins/pixora-core/include/elementor/common/interactive/interactivef488.css]
[wp.aqlova.com/pixora/creative-agency-classic/wp-content/plugins/pixora-core/include/elementor/slider/text-slider/text-sliderf488.css]
[wp.aqlova.com/pixora/creative-agency-classic/wp-content/plugins/pixora-core/include/elementor/award/awardf488.css]
[wp.aqlova.com/pixora/creative-agency-classic/wp-content/plugins/pixora-core/include/elementor/contact/contactf488.css]
[wp.aqlova.com/pixora/creative-agency-classic/wp-content/plugins/pixora-core/include/elementor/creative_agency/instagramf488.css]
[wp.aqlova.com/pixora/creative-agency-classic/wp-content/uploads/sites/27/elementor/css/post-16393033e.css]
[wp.aqlova.com/pixora/creative-agency-classic/wp-content/uploads/sites/27/elementor/google-fonts/css/roboto9f8a.css]
[wp.aqlova.com/pixora/creative-agency-classic/wp-content/uploads/sites/27/elementor/google-fonts/css/robotoslabbd51.css]
[wp.aqlova.com/pixora/creative-agency-classic/wp-content/plugins/elementor/assets/lib/font-awesome/css/fontawesome.min52d5.css]
[wp.aqlova.com/pixora/creative-agency-classic/wp-content/plugins/elementor/assets/lib/font-awesome/css/brands.min52d5.css]
[wp.aqlova.com/pixora/creative-agency-classic/wp-includes/js/jquery/jquery.minf43b.js]
[wp.aqlova.com/pixora/creative-agency-classic/wp-includes/js/jquery/jquery-migrate.min5589.js]
[wp.aqlova.com/pixora/creative-agency-classic/wp-content/uploads/sites/27/2025/10/favicon-1.png]
[wp.aqlova.com/pixora/creative-agency-classic/wp-content/uploads/sites/27/2025/10/logo-orange.png]
[wp.aqlova.com/pixora/creative-agency-classic/wp-content/uploads/sites/27/2025/10/offcanvas-1.jpg]
[wp.aqlova.com/pixora/creative-agency-classic/wp-content/uploads/sites/27/2025/10/offcanvas-2.jpg]
[wp.aqlova.com/pixora/creative-agency-classic/wp-content/uploads/sites/27/2025/10/offcanvas-3.jpg]
[wp.aqlova.com/pixora/creative-agency-classic/wp-content/uploads/sites/27/2025/10/offcanvas-4.jpg]
[wp.aqlova.com/bfolio/wp-content/uploads/2025/11/thumb-2.jpg]
[wp.aqlova.com/bfolio/wp-content/uploads/2025/11/thumb.jpg]
[wp.aqlova.com/pixora/creative-agency-classic/wp-content/uploads/sites/27/2025/11/thumb-4-1.jpg]
[wp.aqlova.com/pixora/creative-agency-classic/wp-content/uploads/sites/27/2025/11/thumb-2-1.jpg]
[wp.aqlova.com/pixora/creative-agency-classic/wp-content/uploads/sites/27/2025/11/avatar.png]
[wp.aqlova.com/pixora/creative-agency-classic/wp-content/uploads/sites/27/2025/11/st-service-1.jpg]
[wp.aqlova.com/pixora/creative-agency-classic/wp-content/uploads/sites/27/2025/11/st-service-2.jpg]
[wp.aqlova.com/pixora/creative-agency-classic/wp-content/uploads/sites/27/2025/11/st-service-3.jpg]
[wp.aqlova.com/pixora/creative-agency-classic/wp-content/uploads/sites/27/2025/11/portfolio-1.jpg]
[wp.aqlova.com/pixora/creative-agency-classic/wp-content/uploads/sites/27/2025/11/portfolio-2-1.jpg]
[wp.aqlova.com/pixora/creative-agency-classic/wp-content/uploads/sites/27/2025/11/portfolio-3-1.jpg]
[wp.aqlova.com/pixora/creative-agency-classic/wp-content/uploads/sites/27/2025/11/thumb-3.jpg]
[wp.aqlova.com/pixora/creative-agency-classic/wp-content/uploads/sites/27/2025/11/insta-inner-1.jpg]
[wp.aqlova.com/pixora/creative-agency-classic/wp-content/uploads/sites/27/2025/11/insta-inner-2.jpg]
[wp.aqlova.com/pixora/creative-agency-classic/wp-content/uploads/sites/27/2025/11/insta-inner-3.jpg]
[wp.aqlova.com/pixora/creative-agency-classic/wp-content/uploads/sites/27/2025/11/insta-inner-4.jpg]
[wp.aqlova.com/pixora/creative-agency-classic/wp-content/uploads/sites/27/2025/11/insta-inner-5.jpg]
[wp.aqlova.com/pixora/creative-agency-classic/wp-content/uploads/sites/27/2025/11/insta-inner-6.jpg]
[wp.aqlova.com/pixora/creative-agency-classic/wp-content/uploads/sites/27/2025/11/insta-inner-7.jpg]
[wp.aqlova.com/pixora/creative-agency-classic/wp-content/uploads/sites/27/2025/11/insta-1.jpg]
[wp.aqlova.com/pixora/creative-agency-classic/wp-content/uploads/sites/27/2025/11/shape-1.png]
[wp.aqlova.com/pixora/creative-agency-classic/wp-content/themes/pixora/assets/js/distortion-img8717.js]
[wp.aqlova.com/pixora/creative-agency-classic/wp-content/themes/pixora/assets/js/portfolio-slider-18717.js]
[wp.aqlova.com/pixora/creative-agency-classic/wp-content/themes/pixora/assets/js/img-revel/index8717.js]
[wp.aqlova.com/pixora/creative-agency-classic/wp-content/themes/pixora/assets/js/skew-slider/index8717.js]
[wp.aqlova.com/pixora/creative-agency-classic/wp-content/uploads/sites/27/elementor/css/post-16883033e.css]
[wp.aqlova.com/pixora/creative-agency-classic/wp-content/uploads/sites/27/elementor/css/post-16138b2de.css]
[wp.aqlova.com/pixora/creative-agency-classic/wp-content/plugins/pixora-core/include/elementor/common/feature/featuref488.css]
[wp.aqlova.com/pixora/creative-agency-classic/wp-content/uploads/sites/27/elementor/css/post-13226b2de.css]
[wp.aqlova.com/pixora/creative-agency-classic/wp-content/uploads/sites/27/elementor/css/post-16555033e.css]
[wp.aqlova.com/pixora/creative-agency-classic/wp-includes/js/dist/hooks.min394d.js]
[wp.aqlova.com/pixora/creative-agency-classic/wp-includes/js/dist/i18n.mineca5.js]
[wp.aqlova.com/pixora/creative-agency-classic/wp-content/plugins/contact-form-7/includes/swv/js/indexc098.js]
[wp.aqlova.com/pixora/creative-agency-classic/wp-content/plugins/contact-form-7/includes/js/indexc098.js]
[wp.aqlova.com/pixora/creative-agency-classic/wp-content/themes/pixora/assets/js/bootstrap-bundle8daf.js]
[wp.aqlova.com/pixora/creative-agency-classic/wp-content/themes/pixora/assets/js/magnific-popup8daf.js]
[wp.aqlova.com/pixora/creative-agency-classic/wp-content/themes/pixora/assets/js/plugin8daf.js]
[wp.aqlova.com/pixora/creative-agency-classic/wp-content/themes/pixora/assets/js/nice-select8daf.js]
[wp.aqlova.com/pixora/creative-agency-classic/wp-content/themes/pixora/assets/js/tp-cursor8daf.js]
[wp.aqlova.com/pixora/creative-agency-classic/wp-content/themes/pixora/assets/js/main8daf.js]
[wp.aqlova.com/pixora/creative-agency-classic/wp-content/themes/pixora/assets/js/ripple8daf.js]
[wp.aqlova.com/pixora/creative-agency-classic/wp-includes/js/imagesloaded.minbb93.js]
[wp.aqlova.com/pixora/creative-agency-classic/wp-content/themes/pixora/assets/js/split-type8daf.js]
[wp.aqlova.com/pixora/creative-agency-classic/wp-content/themes/pixora/assets/js/main-px8daf.js]
[wp.aqlova.com/pixora/creative-agency-classic/wp-content/themes/pixora/assets/js/swiper-bundle8daf.js]
[wp.aqlova.com/pixora/creative-agency-classic/wp-content/themes/pixora/assets/js/slider-active8daf.js]
[wp.aqlova.com/pixora/creative-agency-classic/wp-content/themes/pixora/assets/js/slider-active-px8daf.js]
[wp.aqlova.com/pixora/creative-agency-classic/wp-content/plugins/pixora-core/assets/js/hello-worldf488.js]
[wp.aqlova.com/pixora/creative-agency-classic/wp-content/plugins/elementor/assets/js/webpack.runtime.mineda1.js]
[wp.aqlova.com/pixora/creative-agency-classic/wp-content/plugins/elementor/assets/js/frontend-modules.mineda1.js]
[wp.aqlova.com/pixora/creative-agency-classic/wp-includes/js/jquery/ui/core.minb37e.js]
[wp.aqlova.com/pixora/creative-agency-classic/wp-content/plugins/elementor/assets/js/frontend.mineda1.js]
[wp.aqlova.com/pixora/creative-agency-classic/wp-content/plugins/elementor/assets/lib/jquery-numerator/jquery-numerator.min3958.js]
[wp.aqlova.com/pixora/creative-agency-classic/digital-studio/index.html]
[wp.aqlova.com/pixora/creative-agency-classic/wp-content/plugins/contact-form-7/includes/css/stylesc098.css]
[wp.aqlova.com/pixora/creative-agency-classic/wp-content/plugins/pixora-core/assets/css/tp-core8a54.css]
[wp.aqlova.com/pixora/creative-agency-classic/wp-content/themes/pixora/assets/css/bootstrap8daf.css]
[wp.aqlova.com/pixora/creative-agency-classic/wp-content/themes/pixora/assets/css/font-awesome-pro8daf.css]
[wp.aqlova.com/pixora/creative-agency-classic/wp-content/themes/pixora/assets/css/swiper-bundle8daf.css]
[wp.aqlova.com/pixora/creative-agency-classic/wp-content/themes/pixora/assets/css/magnific-popup8daf.css]
[wp.aqlova.com/pixora/creative-agency-classic/wp-content/themes/pixora/assets/css/spacing8daf.css]
[wp.aqlova.com/pixora/creative-agency-classic/wp-content/themes/pixora/assets/css/nice-select8daf.css]
[wp.aqlova.com/pixora/creative-agency-classic/wp-content/themes/pixora/assets/img/blog/quote_black.png]
[wp.aqlova.com/pixora/creative-agency-classic/wp-content/themes/pixora/assets/css/pixora-unit8daf.css]
[wp.aqlova.com/pixora/creative-agency-classic/wp-content/themes/pixora/assets/css/pixora-core8daf.css]
[wp.aqlova.com/pixora/creative-agency-classic/wp-content/themes/pixora/assets/css/pixora-custom-mediaquery8daf.css]
[wp.aqlova.com/pixora/creative-agency-classic/wp-content/themes/pixora/style8daf.css]
[wp.aqlova.com/pixora/creative-agency-classic/wp-content/plugins/elementor/assets/lib/eicons/css/elementor-icons.min5c93.css]
[wp.aqlova.com/pixora/creative-agency-classic/wp-content/uploads/sites/27/elementor/css/custom-frontend.min725a.css]
[wp.aqlova.com/pixora/creative-agency-classic/wp-content/uploads/sites/27/elementor/css/post-7032bcb3.css]
[wp.aqlova.com/pixora/creative-agency-classic/wp-content/plugins/pixora-core/include/elementor/hero/herof488.css]
[wp.aqlova.com/pixora/creative-agency-classic/wp-content/plugins/elementor/assets/css/widget-heading.mineda1.css]
[wp.aqlova.com/pixora/creative-agency-classic/wp-content/plugins/pixora-core/include/elementor/common/banner/bannerf488.css]
[wp.aqlova.com/pixora/creative-agency-classic/wp-content/plugins/elementor/assets/css/widget-image.mineda1.css]
[wp.aqlova.com/pixora/creative-agency-classic/wp-content/plugins/elementor/assets/css/widget-counter.mineda1.css]
[wp.aqlova.com/pixora/creative-agency-classic/wp-content/plugins/pixora-core/include/elementor/services/services-all/servicesf488.css]
[wp.aqlova.com/pixora/creative-agency-classic/wp-content/plugins/pixora-core/include/elementor/portfolio/portfoliof488.css]
[wp.aqlova.com/pixora/creative-agency-classic/wp-content/plugins/pixora-core/include/elementor/common/interactive/interactivef488.css]
[wp.aqlova.com/pixora/creative-agency-classic/wp-content/plugins/pixora-core/include/elementor/slider/text-slider/text-sliderf488.css]
[wp.aqlova.com/pixora/creative-agency-classic/wp-content/plugins/pixora-core/include/elementor/award/awardf488.css]
[wp.aqlova.com/pixora/creative-agency-classic/wp-content/plugins/pixora-core/include/elementor/contact/contactf488.css]
[wp.aqlova.com/pixora/creative-agency-classic/wp-content/plugins/pixora-core/include/elementor/creative_agency/instagramf488.css]
[wp.aqlova.com/pixora/creative-agency-classic/wp-content/uploads/sites/27/elementor/css/post-16393033e.css]
[wp.aqlova.com/pixora/creative-agency-classic/wp-content/uploads/sites/27/elementor/google-fonts/css/roboto9f8a.css]
[wp.aqlova.com/pixora/creative-agency-classic/wp-content/uploads/sites/27/elementor/google-fonts/css/robotoslabbd51.css]
[wp.aqlova.com/pixora/creative-agency-classic/wp-content/plugins/elementor/assets/lib/font-awesome/css/fontawesome.min52d5.css]
[wp.aqlova.com/pixora/creative-agency-classic/wp-content/plugins/elementor/assets/lib/font-awesome/css/brands.min52d5.css]
[wp.aqlova.com/pixora/creative-agency-classic/wp-includes/js/jquery/jquery.minf43b.js]
[wp.aqlova.com/pixora/creative-agency-classic/wp-includes/js/jquery/jquery-migrate.min5589.js]
[wp.aqlova.com/pixora/creative-agency-classic/wp-content/themes/pixora/assets/js/distortion-img8717.js]
[wp.aqlova.com/pixora/creative-agency-classic/wp-content/themes/pixora/assets/js/portfolio-slider-18717.js]
[wp.aqlova.com/pixora/creative-agency-classic/wp-content/themes/pixora/assets/js/img-revel/index8717.js]
[wp.aqlova.com/pixora/creative-agency-classic/wp-content/themes/pixora/assets/js/skew-slider/index8717.js]
[wp.aqlova.com/pixora/creative-agency-classic/wp-content/uploads/sites/27/elementor/css/post-16883033e.css]
[wp.aqlova.com/pixora/creative-agency-classic/wp-content/uploads/sites/27/elementor/css/post-16138b2de.css]
[wp.aqlova.com/pixora/creative-agency-classic/wp-content/plugins/pixora-core/include/elementor/common/feature/featuref488.css]
[wp.aqlova.com/pixora/creative-agency-classic/wp-content/uploads/sites/27/elementor/css/post-13226b2de.css]
[wp.aqlova.com/pixora/creative-agency-classic/wp-content/uploads/sites/27/elementor/css/post-16555033e.css]
[wp.aqlova.com/pixora/creative-agency-classic/wp-includes/js/dist/hooks.min394d.js]
[wp.aqlova.com/pixora/creative-agency-classic/wp-includes/js/dist/i18n.mineca5.js]
[wp.aqlova.com/pixora/creative-agency-classic/wp-content/plugins/contact-form-7/includes/swv/js/indexc098.js]
[wp.aqlova.com/pixora/creative-agency-classic/wp-content/plugins/contact-form-7/includes/js/indexc098.js]
[wp.aqlova.com/pixora/creative-agency-classic/wp-content/themes/pixora/assets/js/bootstrap-bundle8daf.js]
[wp.aqlova.com/pixora/creative-agency-classic/wp-content/themes/pixora/assets/js/plugin8daf.js]
[wp.aqlova.com/pixora/creative-agency-classic/wp-content/themes/pixora/assets/js/magnific-popup8daf.js]
[wp.aqlova.com/pixora/creative-agency-classic/wp-content/themes/pixora/assets/js/nice-select8daf.js]
[wp.aqlova.com/pixora/creative-agency-classic/wp-content/themes/pixora/assets/js/tp-cursor8daf.js]
[wp.aqlova.com/pixora/creative-agency-classic/wp-content/themes/pixora/assets/js/main8daf.js]
[wp.aqlova.com/pixora/creative-agency-classic/wp-content/themes/pixora/assets/js/ripple8daf.js]
[wp.aqlova.com/pixora/creative-agency-classic/wp-includes/js/imagesloaded.minbb93.js]
[wp.aqlova.com/pixora/creative-agency-classic/wp-content/themes/pixora/assets/js/split-type8daf.js]
[wp.aqlova.com/pixora/creative-agency-classic/wp-content/themes/pixora/assets/js/main-px8daf.js]
[wp.aqlova.com/pixora/creative-agency-classic/digital-studio/Version/index.html]
[wp.aqlova.com/pixora/creative-agency-classic/digital-studio/e]
[wp.aqlova.com/pixora/creative-agency-classic/digital-studio/t.params.url]
[wp.aqlova.com/pixora/creative-agency-classic/wp-content/themes/pixora/assets/js/swiper-bundle8daf.js]
[wp.aqlova.com/pixora/creative-agency-classic/wp-content/themes/pixora/assets/js/slider-active8daf.js]
[wp.aqlova.com/pixora/creative-agency-classic/wp-content/themes/pixora/assets/js/slider-active-px8daf.js]
[wp.aqlova.com/pixora/creative-agency-classic/wp-content/plugins/pixora-core/assets/js/hello-worldf488.js]
[wp.aqlova.com/pixora/creative-agency-classic/wp-content/plugins/elementor/assets/js/webpack.runtime.mineda1.js]
[wp.aqlova.com/pixora/creative-agency-classic/wp-content/plugins/elementor/assets/js/frontend-modules.mineda1.js]
[wp.aqlova.com/pixora/creative-agency-classic/wp-includes/js/jquery/ui/core.minb37e.js]
[wp.aqlova.com/pixora/creative-agency-classic/wp-content/plugins/elementor/assets/js/frontend.mineda1.js]
[wp.aqlova.com/pixora/creative-agency-classic/wp-content/plugins/elementor/assets/lib/jquery-numerator/jquery-numerator.min3958.js]
[wp.aqlova.com/pixora/creative-agency-classic/wp-content/themes/pixora/assets/img/blog/quote_black.html]
[wp.aqlova.com/pixora/creative-agency-classic/wp-content/uploads/sites/27/2025/11/bg.html]
[wp.aqlova.com/pixora/creative-agency-classic/digital-studio/Version/index.html]
[wp.aqlova.com/pixora/creative-agency-classic/digital-studio/e.html]
[wp.aqlova.com/pixora/creative-agency-classic/digital-studio/t.params.html]
[wp.aqlova.com/pixora/creative-agency-classic/digital-studio/OPR/index.html]
[wp.aqlova.com/pixora/creative-agency-classic/digital-studio/OPR/index.html]
